Command: vcs -full64 -sverilog -ntb_opts uvm -f compile.f -l compile.log
                         Chronologic VCS (TM)
       Version W-2024.09-SP1_Full64 -- Wed May  7 14:43:55 2025

                    Copyright (c) 1991 - 2024 Synopsys, Inc.
   This software and the associated documentation are proprietary to Synopsys,
 Inc. This software may only be used in accordance with the terms and conditions
 of a written license agreement with Synopsys, Inc. All other use, reproduction,
   or distribution of this software is strictly prohibited.  Licensed Products
     communicate with Synopsys servers for the purpose of providing software
    updates, detecting software piracy and verifying that customers are using
    Licensed Products in conformity with the applicable License Key for such
  Licensed Products. Synopsys will use information gathered in connection with
    this process to deliver software updates and pursue software pirates and
                                   infringers.

 Inclusivity & Diversity - Visit SolvNetPlus to read the "Synopsys Statement on
            Inclusivity and Diversity" (Refer to article 000036315 at
                        https://solvnetplus.synopsys.com)

Parsing design file '/mnt/NVME2/synopsys/vcs/W-2024.09-SP1/etc/uvm/uvm_pkg.sv'
Parsing included file '/mnt/NVME2/synopsys/vcs/W-2024.09-SP1/etc/uvm/uvm_macros.svh'.
Parsing included file '/mnt/NVME2/synopsys/vcs/W-2024.09-SP1/etc/uvm/macros/uvm_version_defines.svh'.
Back to file '/mnt/NVME2/synopsys/vcs/W-2024.09-SP1/etc/uvm/uvm_macros.svh'.
Parsing included file '/mnt/NVME2/synopsys/vcs/W-2024.09-SP1/etc/uvm/macros/snps_macros.svp'.
Back to file '/mnt/NVME2/synopsys/vcs/W-2024.09-SP1/etc/uvm/uvm_macros.svh'.
Parsing included file '/mnt/NVME2/synopsys/vcs/W-2024.09-SP1/etc/uvm/macros/uvm_message_defines.svh'.
Back to file '/mnt/NVME2/synopsys/vcs/W-2024.09-SP1/etc/uvm/uvm_macros.svh'.
Parsing included file '/mnt/NVME2/synopsys/vcs/W-2024.09-SP1/etc/uvm/macros/uvm_phase_defines.svh'.
Back to file '/mnt/NVME2/synopsys/vcs/W-2024.09-SP1/etc/uvm/uvm_macros.svh'.
Parsing included file '/mnt/NVME2/synopsys/vcs/W-2024.09-SP1/etc/uvm/macros/uvm_object_defines.svh'.
Back to file '/mnt/NVME2/synopsys/vcs/W-2024.09-SP1/etc/uvm/uvm_macros.svh'.
Parsing included file '/mnt/NVME2/synopsys/vcs/W-2024.09-SP1/etc/uvm/macros/uvm_printer_defines.svh'.
Back to file '/mnt/NVME2/synopsys/vcs/W-2024.09-SP1/etc/uvm/uvm_macros.svh'.
Parsing included file '/mnt/NVME2/synopsys/vcs/W-2024.09-SP1/etc/uvm/macros/uvm_tlm_defines.svh'.
Parsing included file '/mnt/NVME2/synopsys/vcs/W-2024.09-SP1/etc/uvm/tlm1/uvm_tlm_imps.svh'.
Back to file '/mnt/NVME2/synopsys/vcs/W-2024.09-SP1/etc/uvm/macros/uvm_tlm_defines.svh'.
Back to file '/mnt/NVME2/synopsys/vcs/W-2024.09-SP1/etc/uvm/uvm_macros.svh'.
Parsing included file '/mnt/NVME2/synopsys/vcs/W-2024.09-SP1/etc/uvm/macros/uvm_sequence_defines.svh'.
Back to file '/mnt/NVME2/synopsys/vcs/W-2024.09-SP1/etc/uvm/uvm_macros.svh'.
Parsing included file '/mnt/NVME2/synopsys/vcs/W-2024.09-SP1/etc/uvm/macros/uvm_callback_defines.svh'.
Back to file '/mnt/NVME2/synopsys/vcs/W-2024.09-SP1/etc/uvm/uvm_macros.svh'.
Parsing included file '/mnt/NVME2/synopsys/vcs/W-2024.09-SP1/etc/uvm/macros/uvm_reg_defines.svh'.
Back to file '/mnt/NVME2/synopsys/vcs/W-2024.09-SP1/etc/uvm/uvm_macros.svh'.
Parsing included file '/mnt/NVME2/synopsys/vcs/W-2024.09-SP1/etc/uvm/macros/uvm_deprecated_defines.svh'.
Back to file '/mnt/NVME2/synopsys/vcs/W-2024.09-SP1/etc/uvm/uvm_macros.svh'.
Back to file '/mnt/NVME2/synopsys/vcs/W-2024.09-SP1/etc/uvm/uvm_pkg.sv'.
Parsing included file '/mnt/NVME2/synopsys/vcs/W-2024.09-SP1/etc/uvm/directc/uvm_directc.svh'.
Parsing included file '/mnt/NVME2/synopsys/vcs/W-2024.09-SP1/etc/uvm/directc/uvm_seed.vh'.
Back to file '/mnt/NVME2/synopsys/vcs/W-2024.09-SP1/etc/uvm/directc/uvm_directc.svh'.
Back to file '/mnt/NVME2/synopsys/vcs/W-2024.09-SP1/etc/uvm/uvm_pkg.sv'.
Parsing included file '/mnt/NVME2/synopsys/vcs/W-2024.09-SP1/etc/uvm/dpi/uvm_dpi.svh'.
Parsing included file '/mnt/NVME2/synopsys/vcs/W-2024.09-SP1/etc/uvm/dpi/uvm_hdl.svh'.
Back to file '/mnt/NVME2/synopsys/vcs/W-2024.09-SP1/etc/uvm/dpi/uvm_dpi.svh'.
Parsing included file '/mnt/NVME2/synopsys/vcs/W-2024.09-SP1/etc/uvm/dpi/uvm_svcmd_dpi.svh'.
Back to file '/mnt/NVME2/synopsys/vcs/W-2024.09-SP1/etc/uvm/dpi/uvm_dpi.svh'.
Parsing included file '/mnt/NVME2/synopsys/vcs/W-2024.09-SP1/etc/uvm/dpi/uvm_regex.svh'.
Back to file '/mnt/NVME2/synopsys/vcs/W-2024.09-SP1/etc/uvm/dpi/uvm_dpi.svh'.
Back to file '/mnt/NVME2/synopsys/vcs/W-2024.09-SP1/etc/uvm/uvm_pkg.sv'.
Parsing included file '/mnt/NVME2/synopsys/vcs/W-2024.09-SP1/etc/uvm/base/uvm_base.svh'.
Parsing included file '/mnt/NVME2/synopsys/vcs/W-2024.09-SP1/etc/uvm/base/uvm_version.svh'.
Back to file '/mnt/NVME2/synopsys/vcs/W-2024.09-SP1/etc/uvm/base/uvm_base.svh'.
Parsing included file '/mnt/NVME2/synopsys/vcs/W-2024.09-SP1/etc/uvm/base/uvm_object_globals.svh'.
Back to file '/mnt/NVME2/synopsys/vcs/W-2024.09-SP1/etc/uvm/base/uvm_base.svh'.
Parsing included file '/mnt/NVME2/synopsys/vcs/W-2024.09-SP1/etc/uvm/base/uvm_misc.svh'.
Back to file '/mnt/NVME2/synopsys/vcs/W-2024.09-SP1/etc/uvm/base/uvm_base.svh'.
Parsing included file '/mnt/NVME2/synopsys/vcs/W-2024.09-SP1/etc/uvm/base/uvm_object.svh'.
Back to file '/mnt/NVME2/synopsys/vcs/W-2024.09-SP1/etc/uvm/base/uvm_base.svh'.
Parsing included file '/mnt/NVME2/synopsys/vcs/W-2024.09-SP1/etc/uvm/base/uvm_pool.svh'.
Back to file '/mnt/NVME2/synopsys/vcs/W-2024.09-SP1/etc/uvm/base/uvm_base.svh'.
Parsing included file '/mnt/NVME2/synopsys/vcs/W-2024.09-SP1/etc/uvm/base/uvm_queue.svh'.
Back to file '/mnt/NVME2/synopsys/vcs/W-2024.09-SP1/etc/uvm/base/uvm_base.svh'.
Parsing included file '/mnt/NVME2/synopsys/vcs/W-2024.09-SP1/etc/uvm/base/uvm_factory.svh'.
Back to file '/mnt/NVME2/synopsys/vcs/W-2024.09-SP1/etc/uvm/base/uvm_base.svh'.
Parsing included file '/mnt/NVME2/synopsys/vcs/W-2024.09-SP1/etc/uvm/base/uvm_registry.svh'.
Back to file '/mnt/NVME2/synopsys/vcs/W-2024.09-SP1/etc/uvm/base/uvm_base.svh'.
Parsing included file '/mnt/NVME2/synopsys/vcs/W-2024.09-SP1/etc/uvm/base/uvm_spell_chkr.svh'.
Back to file '/mnt/NVME2/synopsys/vcs/W-2024.09-SP1/etc/uvm/base/uvm_base.svh'.
Parsing included file '/mnt/NVME2/synopsys/vcs/W-2024.09-SP1/etc/uvm/base/uvm_resource.svh'.
Back to file '/mnt/NVME2/synopsys/vcs/W-2024.09-SP1/etc/uvm/base/uvm_base.svh'.
Parsing included file '/mnt/NVME2/synopsys/vcs/W-2024.09-SP1/etc/uvm/deprecated/uvm_resource_converter.svh'.
Back to file '/mnt/NVME2/synopsys/vcs/W-2024.09-SP1/etc/uvm/base/uvm_base.svh'.
Parsing included file '/mnt/NVME2/synopsys/vcs/W-2024.09-SP1/etc/uvm/base/uvm_resource_specializations.svh'.
Back to file '/mnt/NVME2/synopsys/vcs/W-2024.09-SP1/etc/uvm/base/uvm_base.svh'.
Parsing included file '/mnt/NVME2/synopsys/vcs/W-2024.09-SP1/etc/uvm/base/uvm_resource_db.svh'.
Back to file '/mnt/NVME2/synopsys/vcs/W-2024.09-SP1/etc/uvm/base/uvm_base.svh'.
Parsing included file '/mnt/NVME2/synopsys/vcs/W-2024.09-SP1/etc/uvm/base/uvm_config_db.svh'.
Back to file '/mnt/NVME2/synopsys/vcs/W-2024.09-SP1/etc/uvm/base/uvm_base.svh'.
Parsing included file '/mnt/NVME2/synopsys/vcs/W-2024.09-SP1/etc/uvm/base/uvm_printer.svh'.
Back to file '/mnt/NVME2/synopsys/vcs/W-2024.09-SP1/etc/uvm/base/uvm_base.svh'.
Parsing included file '/mnt/NVME2/synopsys/vcs/W-2024.09-SP1/etc/uvm/base/uvm_comparer.svh'.
Back to file '/mnt/NVME2/synopsys/vcs/W-2024.09-SP1/etc/uvm/base/uvm_base.svh'.
Parsing included file '/mnt/NVME2/synopsys/vcs/W-2024.09-SP1/etc/uvm/base/uvm_packer.svh'.
Back to file '/mnt/NVME2/synopsys/vcs/W-2024.09-SP1/etc/uvm/base/uvm_base.svh'.
Parsing included file '/mnt/NVME2/synopsys/vcs/W-2024.09-SP1/etc/uvm/base/uvm_recorder.svh'.
Back to file '/mnt/NVME2/synopsys/vcs/W-2024.09-SP1/etc/uvm/base/uvm_base.svh'.
Parsing included file '/mnt/NVME2/synopsys/vcs/W-2024.09-SP1/etc/uvm/base/uvm_event_callback.svh'.
Back to file '/mnt/NVME2/synopsys/vcs/W-2024.09-SP1/etc/uvm/base/uvm_base.svh'.
Parsing included file '/mnt/NVME2/synopsys/vcs/W-2024.09-SP1/etc/uvm/base/uvm_event.svh'.
Back to file '/mnt/NVME2/synopsys/vcs/W-2024.09-SP1/etc/uvm/base/uvm_base.svh'.
Parsing included file '/mnt/NVME2/synopsys/vcs/W-2024.09-SP1/etc/uvm/base/uvm_barrier.svh'.
Back to file '/mnt/NVME2/synopsys/vcs/W-2024.09-SP1/etc/uvm/base/uvm_base.svh'.
Parsing included file '/mnt/NVME2/synopsys/vcs/W-2024.09-SP1/etc/uvm/base/uvm_callback.svh'.
Parsing included file '/mnt/NVME2/synopsys/vcs/W-2024.09-SP1/etc/uvm/uvm_macros.svh'.
Back to file '/mnt/NVME2/synopsys/vcs/W-2024.09-SP1/etc/uvm/base/uvm_callback.svh'.
Back to file '/mnt/NVME2/synopsys/vcs/W-2024.09-SP1/etc/uvm/base/uvm_base.svh'.
Parsing included file '/mnt/NVME2/synopsys/vcs/W-2024.09-SP1/etc/uvm/base/uvm_report_catcher.svh'.
Back to file '/mnt/NVME2/synopsys/vcs/W-2024.09-SP1/etc/uvm/base/uvm_base.svh'.
Parsing included file '/mnt/NVME2/synopsys/vcs/W-2024.09-SP1/etc/uvm/base/uvm_report_server.svh'.
Back to file '/mnt/NVME2/synopsys/vcs/W-2024.09-SP1/etc/uvm/base/uvm_base.svh'.
Parsing included file '/mnt/NVME2/synopsys/vcs/W-2024.09-SP1/etc/uvm/base/uvm_report_handler.svh'.
Back to file '/mnt/NVME2/synopsys/vcs/W-2024.09-SP1/etc/uvm/base/uvm_base.svh'.
Parsing included file '/mnt/NVME2/synopsys/vcs/W-2024.09-SP1/etc/uvm/base/uvm_report_object.svh'.
Back to file '/mnt/NVME2/synopsys/vcs/W-2024.09-SP1/etc/uvm/base/uvm_base.svh'.
Parsing included file '/mnt/NVME2/synopsys/vcs/W-2024.09-SP1/etc/uvm/base/uvm_transaction.svh'.
Back to file '/mnt/NVME2/synopsys/vcs/W-2024.09-SP1/etc/uvm/base/uvm_base.svh'.
Parsing included file '/mnt/NVME2/synopsys/vcs/W-2024.09-SP1/etc/uvm/base/uvm_phase.svh'.
Back to file '/mnt/NVME2/synopsys/vcs/W-2024.09-SP1/etc/uvm/base/uvm_base.svh'.
Parsing included file '/mnt/NVME2/synopsys/vcs/W-2024.09-SP1/etc/uvm/base/uvm_domain.svh'.
Back to file '/mnt/NVME2/synopsys/vcs/W-2024.09-SP1/etc/uvm/base/uvm_base.svh'.
Parsing included file '/mnt/NVME2/synopsys/vcs/W-2024.09-SP1/etc/uvm/base/uvm_bottomup_phase.svh'.
Back to file '/mnt/NVME2/synopsys/vcs/W-2024.09-SP1/etc/uvm/base/uvm_base.svh'.
Parsing included file '/mnt/NVME2/synopsys/vcs/W-2024.09-SP1/etc/uvm/base/uvm_topdown_phase.svh'.
Back to file '/mnt/NVME2/synopsys/vcs/W-2024.09-SP1/etc/uvm/base/uvm_base.svh'.
Parsing included file '/mnt/NVME2/synopsys/vcs/W-2024.09-SP1/etc/uvm/base/uvm_task_phase.svh'.
Back to file '/mnt/NVME2/synopsys/vcs/W-2024.09-SP1/etc/uvm/base/uvm_base.svh'.
Parsing included file '/mnt/NVME2/synopsys/vcs/W-2024.09-SP1/etc/uvm/base/uvm_common_phases.svh'.
Back to file '/mnt/NVME2/synopsys/vcs/W-2024.09-SP1/etc/uvm/base/uvm_base.svh'.
Parsing included file '/mnt/NVME2/synopsys/vcs/W-2024.09-SP1/etc/uvm/base/uvm_runtime_phases.svh'.
Back to file '/mnt/NVME2/synopsys/vcs/W-2024.09-SP1/etc/uvm/base/uvm_base.svh'.
Parsing included file '/mnt/NVME2/synopsys/vcs/W-2024.09-SP1/etc/uvm/base/uvm_component.svh'.
Parsing included file '/mnt/NVME2/synopsys/vcs/W-2024.09-SP1/etc/uvm/base/uvm_root.svh'.
Back to file '/mnt/NVME2/synopsys/vcs/W-2024.09-SP1/etc/uvm/base/uvm_component.svh'.
Back to file '/mnt/NVME2/synopsys/vcs/W-2024.09-SP1/etc/uvm/base/uvm_base.svh'.
Parsing included file '/mnt/NVME2/synopsys/vcs/W-2024.09-SP1/etc/uvm/base/uvm_objection.svh'.
Back to file '/mnt/NVME2/synopsys/vcs/W-2024.09-SP1/etc/uvm/base/uvm_base.svh'.
Parsing included file '/mnt/NVME2/synopsys/vcs/W-2024.09-SP1/etc/uvm/base/uvm_heartbeat.svh'.
Back to file '/mnt/NVME2/synopsys/vcs/W-2024.09-SP1/etc/uvm/base/uvm_base.svh'.
Parsing included file '/mnt/NVME2/synopsys/vcs/W-2024.09-SP1/etc/uvm/base/uvm_globals.svh'.
Back to file '/mnt/NVME2/synopsys/vcs/W-2024.09-SP1/etc/uvm/base/uvm_base.svh'.
Parsing included file '/mnt/NVME2/synopsys/vcs/W-2024.09-SP1/etc/uvm/base/uvm_cmdline_processor.svh'.
Back to file '/mnt/NVME2/synopsys/vcs/W-2024.09-SP1/etc/uvm/base/uvm_base.svh'.
Back to file '/mnt/NVME2/synopsys/vcs/W-2024.09-SP1/etc/uvm/uvm_pkg.sv'.
Parsing included file '/mnt/NVME2/synopsys/vcs/W-2024.09-SP1/etc/uvm/tlm1/uvm_tlm.svh'.
Parsing included file '/mnt/NVME2/synopsys/vcs/W-2024.09-SP1/etc/uvm/tlm1/uvm_tlm_ifs.svh'.
Back to file '/mnt/NVME2/synopsys/vcs/W-2024.09-SP1/etc/uvm/tlm1/uvm_tlm.svh'.
Parsing included file '/mnt/NVME2/synopsys/vcs/W-2024.09-SP1/etc/uvm/tlm1/uvm_sqr_ifs.svh'.
Back to file '/mnt/NVME2/synopsys/vcs/W-2024.09-SP1/etc/uvm/tlm1/uvm_tlm.svh'.
Parsing included file '/mnt/NVME2/synopsys/vcs/W-2024.09-SP1/etc/uvm/base/uvm_port_base.svh'.
Back to file '/mnt/NVME2/synopsys/vcs/W-2024.09-SP1/etc/uvm/tlm1/uvm_tlm.svh'.
Parsing included file '/mnt/NVME2/synopsys/vcs/W-2024.09-SP1/etc/uvm/tlm1/uvm_tlm_imps.svh'.
Back to file '/mnt/NVME2/synopsys/vcs/W-2024.09-SP1/etc/uvm/tlm1/uvm_tlm.svh'.
Parsing included file '/mnt/NVME2/synopsys/vcs/W-2024.09-SP1/etc/uvm/tlm1/uvm_imps.svh'.
Back to file '/mnt/NVME2/synopsys/vcs/W-2024.09-SP1/etc/uvm/tlm1/uvm_tlm.svh'.
Parsing included file '/mnt/NVME2/synopsys/vcs/W-2024.09-SP1/etc/uvm/tlm1/uvm_ports.svh'.
Back to file '/mnt/NVME2/synopsys/vcs/W-2024.09-SP1/etc/uvm/tlm1/uvm_tlm.svh'.
Parsing included file '/mnt/NVME2/synopsys/vcs/W-2024.09-SP1/etc/uvm/tlm1/uvm_exports.svh'.
Back to file '/mnt/NVME2/synopsys/vcs/W-2024.09-SP1/etc/uvm/tlm1/uvm_tlm.svh'.
Parsing included file '/mnt/NVME2/synopsys/vcs/W-2024.09-SP1/etc/uvm/tlm1/uvm_analysis_port.svh'.
Back to file '/mnt/NVME2/synopsys/vcs/W-2024.09-SP1/etc/uvm/tlm1/uvm_tlm.svh'.
Parsing included file '/mnt/NVME2/synopsys/vcs/W-2024.09-SP1/etc/uvm/tlm1/uvm_tlm_fifo_base.svh'.
Back to file '/mnt/NVME2/synopsys/vcs/W-2024.09-SP1/etc/uvm/tlm1/uvm_tlm.svh'.
Parsing included file '/mnt/NVME2/synopsys/vcs/W-2024.09-SP1/etc/uvm/tlm1/uvm_tlm_fifos.svh'.
Back to file '/mnt/NVME2/synopsys/vcs/W-2024.09-SP1/etc/uvm/tlm1/uvm_tlm.svh'.
Parsing included file '/mnt/NVME2/synopsys/vcs/W-2024.09-SP1/etc/uvm/tlm1/uvm_tlm_req_rsp.svh'.
Back to file '/mnt/NVME2/synopsys/vcs/W-2024.09-SP1/etc/uvm/tlm1/uvm_tlm.svh'.
Parsing included file '/mnt/NVME2/synopsys/vcs/W-2024.09-SP1/etc/uvm/tlm1/uvm_sqr_connections.svh'.
Back to file '/mnt/NVME2/synopsys/vcs/W-2024.09-SP1/etc/uvm/tlm1/uvm_tlm.svh'.
Back to file '/mnt/NVME2/synopsys/vcs/W-2024.09-SP1/etc/uvm/uvm_pkg.sv'.
Parsing included file '/mnt/NVME2/synopsys/vcs/W-2024.09-SP1/etc/uvm/comps/uvm_comps.svh'.
Parsing included file '/mnt/NVME2/synopsys/vcs/W-2024.09-SP1/etc/uvm/comps/uvm_pair.svh'.
Back to file '/mnt/NVME2/synopsys/vcs/W-2024.09-SP1/etc/uvm/comps/uvm_comps.svh'.
Parsing included file '/mnt/NVME2/synopsys/vcs/W-2024.09-SP1/etc/uvm/comps/uvm_policies.svh'.
Back to file '/mnt/NVME2/synopsys/vcs/W-2024.09-SP1/etc/uvm/comps/uvm_comps.svh'.
Parsing included file '/mnt/NVME2/synopsys/vcs/W-2024.09-SP1/etc/uvm/comps/uvm_in_order_comparator.svh'.
Back to file '/mnt/NVME2/synopsys/vcs/W-2024.09-SP1/etc/uvm/comps/uvm_comps.svh'.
Parsing included file '/mnt/NVME2/synopsys/vcs/W-2024.09-SP1/etc/uvm/comps/uvm_algorithmic_comparator.svh'.
Back to file '/mnt/NVME2/synopsys/vcs/W-2024.09-SP1/etc/uvm/comps/uvm_comps.svh'.
Parsing included file '/mnt/NVME2/synopsys/vcs/W-2024.09-SP1/etc/uvm/comps/uvm_random_stimulus.svh'.
Back to file '/mnt/NVME2/synopsys/vcs/W-2024.09-SP1/etc/uvm/comps/uvm_comps.svh'.
Parsing included file '/mnt/NVME2/synopsys/vcs/W-2024.09-SP1/etc/uvm/comps/uvm_subscriber.svh'.
Back to file '/mnt/NVME2/synopsys/vcs/W-2024.09-SP1/etc/uvm/comps/uvm_comps.svh'.
Parsing included file '/mnt/NVME2/synopsys/vcs/W-2024.09-SP1/etc/uvm/comps/uvm_monitor.svh'.
Back to file '/mnt/NVME2/synopsys/vcs/W-2024.09-SP1/etc/uvm/comps/uvm_comps.svh'.
Parsing included file '/mnt/NVME2/synopsys/vcs/W-2024.09-SP1/etc/uvm/comps/uvm_driver.svh'.
Back to file '/mnt/NVME2/synopsys/vcs/W-2024.09-SP1/etc/uvm/comps/uvm_comps.svh'.
Parsing included file '/mnt/NVME2/synopsys/vcs/W-2024.09-SP1/etc/uvm/comps/uvm_push_driver.svh'.
Back to file '/mnt/NVME2/synopsys/vcs/W-2024.09-SP1/etc/uvm/comps/uvm_comps.svh'.
Parsing included file '/mnt/NVME2/synopsys/vcs/W-2024.09-SP1/etc/uvm/comps/uvm_scoreboard.svh'.
Back to file '/mnt/NVME2/synopsys/vcs/W-2024.09-SP1/etc/uvm/comps/uvm_comps.svh'.
Parsing included file '/mnt/NVME2/synopsys/vcs/W-2024.09-SP1/etc/uvm/comps/uvm_agent.svh'.
Back to file '/mnt/NVME2/synopsys/vcs/W-2024.09-SP1/etc/uvm/comps/uvm_comps.svh'.
Parsing included file '/mnt/NVME2/synopsys/vcs/W-2024.09-SP1/etc/uvm/comps/uvm_env.svh'.
Back to file '/mnt/NVME2/synopsys/vcs/W-2024.09-SP1/etc/uvm/comps/uvm_comps.svh'.
Parsing included file '/mnt/NVME2/synopsys/vcs/W-2024.09-SP1/etc/uvm/comps/uvm_test.svh'.
Back to file '/mnt/NVME2/synopsys/vcs/W-2024.09-SP1/etc/uvm/comps/uvm_comps.svh'.
Back to file '/mnt/NVME2/synopsys/vcs/W-2024.09-SP1/etc/uvm/uvm_pkg.sv'.
Parsing included file '/mnt/NVME2/synopsys/vcs/W-2024.09-SP1/etc/uvm/seq/uvm_seq.svh'.
Parsing included file '/mnt/NVME2/synopsys/vcs/W-2024.09-SP1/etc/uvm/seq/uvm_sequence_item.svh'.
Back to file '/mnt/NVME2/synopsys/vcs/W-2024.09-SP1/etc/uvm/seq/uvm_seq.svh'.
Parsing included file '/mnt/NVME2/synopsys/vcs/W-2024.09-SP1/etc/uvm/seq/uvm_sequencer_base.svh'.
Back to file '/mnt/NVME2/synopsys/vcs/W-2024.09-SP1/etc/uvm/seq/uvm_seq.svh'.
Parsing included file '/mnt/NVME2/synopsys/vcs/W-2024.09-SP1/etc/uvm/seq/uvm_sequencer_analysis_fifo.svh'.
Back to file '/mnt/NVME2/synopsys/vcs/W-2024.09-SP1/etc/uvm/seq/uvm_seq.svh'.
Parsing included file '/mnt/NVME2/synopsys/vcs/W-2024.09-SP1/etc/uvm/seq/uvm_sequencer_param_base.svh'.
Back to file '/mnt/NVME2/synopsys/vcs/W-2024.09-SP1/etc/uvm/seq/uvm_seq.svh'.
Parsing included file '/mnt/NVME2/synopsys/vcs/W-2024.09-SP1/etc/uvm/seq/uvm_sequencer.svh'.
Back to file '/mnt/NVME2/synopsys/vcs/W-2024.09-SP1/etc/uvm/seq/uvm_seq.svh'.
Parsing included file '/mnt/NVME2/synopsys/vcs/W-2024.09-SP1/etc/uvm/seq/uvm_push_sequencer.svh'.
Back to file '/mnt/NVME2/synopsys/vcs/W-2024.09-SP1/etc/uvm/seq/uvm_seq.svh'.
Parsing included file '/mnt/NVME2/synopsys/vcs/W-2024.09-SP1/etc/uvm/seq/uvm_sequence_base.svh'.
Back to file '/mnt/NVME2/synopsys/vcs/W-2024.09-SP1/etc/uvm/seq/uvm_seq.svh'.
Parsing included file '/mnt/NVME2/synopsys/vcs/W-2024.09-SP1/etc/uvm/seq/uvm_sequence.svh'.
Back to file '/mnt/NVME2/synopsys/vcs/W-2024.09-SP1/etc/uvm/seq/uvm_seq.svh'.
Parsing included file '/mnt/NVME2/synopsys/vcs/W-2024.09-SP1/etc/uvm/seq/uvm_sequence_library.svh'.
Back to file '/mnt/NVME2/synopsys/vcs/W-2024.09-SP1/etc/uvm/seq/uvm_seq.svh'.
Parsing included file '/mnt/NVME2/synopsys/vcs/W-2024.09-SP1/etc/uvm/seq/uvm_sequence_builtin.svh'.
Back to file '/mnt/NVME2/synopsys/vcs/W-2024.09-SP1/etc/uvm/seq/uvm_seq.svh'.
Back to file '/mnt/NVME2/synopsys/vcs/W-2024.09-SP1/etc/uvm/uvm_pkg.sv'.
Parsing included file '/mnt/NVME2/synopsys/vcs/W-2024.09-SP1/etc/uvm/tlm2/uvm_tlm2.svh'.
Parsing included file '/mnt/NVME2/synopsys/vcs/W-2024.09-SP1/etc/uvm/tlm2/uvm_tlm2_defines.svh'.
Back to file '/mnt/NVME2/synopsys/vcs/W-2024.09-SP1/etc/uvm/tlm2/uvm_tlm2.svh'.
Parsing included file '/mnt/NVME2/synopsys/vcs/W-2024.09-SP1/etc/uvm/tlm2/uvm_tlm2_time.svh'.
Back to file '/mnt/NVME2/synopsys/vcs/W-2024.09-SP1/etc/uvm/tlm2/uvm_tlm2.svh'.
Parsing included file '/mnt/NVME2/synopsys/vcs/W-2024.09-SP1/etc/uvm/tlm2/uvm_tlm2_generic_payload.svh'.
Back to file '/mnt/NVME2/synopsys/vcs/W-2024.09-SP1/etc/uvm/tlm2/uvm_tlm2.svh'.
Parsing included file '/mnt/NVME2/synopsys/vcs/W-2024.09-SP1/etc/uvm/tlm2/uvm_tlm2_ifs.svh'.
Back to file '/mnt/NVME2/synopsys/vcs/W-2024.09-SP1/etc/uvm/tlm2/uvm_tlm2.svh'.
Parsing included file '/mnt/NVME2/synopsys/vcs/W-2024.09-SP1/etc/uvm/tlm2/uvm_tlm2_imps.svh'.
Back to file '/mnt/NVME2/synopsys/vcs/W-2024.09-SP1/etc/uvm/tlm2/uvm_tlm2.svh'.
Parsing included file '/mnt/NVME2/synopsys/vcs/W-2024.09-SP1/etc/uvm/tlm2/uvm_tlm2_ports.svh'.
Back to file '/mnt/NVME2/synopsys/vcs/W-2024.09-SP1/etc/uvm/tlm2/uvm_tlm2.svh'.
Parsing included file '/mnt/NVME2/synopsys/vcs/W-2024.09-SP1/etc/uvm/tlm2/uvm_tlm2_exports.svh'.
Back to file '/mnt/NVME2/synopsys/vcs/W-2024.09-SP1/etc/uvm/tlm2/uvm_tlm2.svh'.
Parsing included file '/mnt/NVME2/synopsys/vcs/W-2024.09-SP1/etc/uvm/tlm2/uvm_tlm2_sockets_base.svh'.
Back to file '/mnt/NVME2/synopsys/vcs/W-2024.09-SP1/etc/uvm/tlm2/uvm_tlm2.svh'.
Parsing included file '/mnt/NVME2/synopsys/vcs/W-2024.09-SP1/etc/uvm/tlm2/uvm_tlm2_sockets.svh'.
Back to file '/mnt/NVME2/synopsys/vcs/W-2024.09-SP1/etc/uvm/tlm2/uvm_tlm2.svh'.
Back to file '/mnt/NVME2/synopsys/vcs/W-2024.09-SP1/etc/uvm/uvm_pkg.sv'.
Parsing included file '/mnt/NVME2/synopsys/vcs/W-2024.09-SP1/etc/uvm/reg/uvm_reg_model.svh'.
Parsing included file '/mnt/NVME2/synopsys/vcs/W-2024.09-SP1/etc/uvm/reg/uvm_reg_item.svh'.
Back to file '/mnt/NVME2/synopsys/vcs/W-2024.09-SP1/etc/uvm/reg/uvm_reg_model.svh'.
Parsing included file '/mnt/NVME2/synopsys/vcs/W-2024.09-SP1/etc/uvm/reg/uvm_reg_adapter.svh'.
Back to file '/mnt/NVME2/synopsys/vcs/W-2024.09-SP1/etc/uvm/reg/uvm_reg_model.svh'.
Parsing included file '/mnt/NVME2/synopsys/vcs/W-2024.09-SP1/etc/uvm/reg/uvm_reg_predictor.svh'.
Back to file '/mnt/NVME2/synopsys/vcs/W-2024.09-SP1/etc/uvm/reg/uvm_reg_model.svh'.
Parsing included file '/mnt/NVME2/synopsys/vcs/W-2024.09-SP1/etc/uvm/reg/uvm_reg_sequence.svh'.
Back to file '/mnt/NVME2/synopsys/vcs/W-2024.09-SP1/etc/uvm/reg/uvm_reg_model.svh'.
Parsing included file '/mnt/NVME2/synopsys/vcs/W-2024.09-SP1/etc/uvm/reg/uvm_reg_cbs.svh'.
Back to file '/mnt/NVME2/synopsys/vcs/W-2024.09-SP1/etc/uvm/reg/uvm_reg_model.svh'.
Parsing included file '/mnt/NVME2/synopsys/vcs/W-2024.09-SP1/etc/uvm/reg/uvm_reg_backdoor.svh'.
Back to file '/mnt/NVME2/synopsys/vcs/W-2024.09-SP1/etc/uvm/reg/uvm_reg_model.svh'.
Parsing included file '/mnt/NVME2/synopsys/vcs/W-2024.09-SP1/etc/uvm/reg/uvm_reg_field.svh'.
Back to file '/mnt/NVME2/synopsys/vcs/W-2024.09-SP1/etc/uvm/reg/uvm_reg_model.svh'.
Parsing included file '/mnt/NVME2/synopsys/vcs/W-2024.09-SP1/etc/uvm/reg/uvm_vreg_field.svh'.
Back to file '/mnt/NVME2/synopsys/vcs/W-2024.09-SP1/etc/uvm/reg/uvm_reg_model.svh'.
Parsing included file '/mnt/NVME2/synopsys/vcs/W-2024.09-SP1/etc/uvm/reg/uvm_reg.svh'.
Back to file '/mnt/NVME2/synopsys/vcs/W-2024.09-SP1/etc/uvm/reg/uvm_reg_model.svh'.
Parsing included file '/mnt/NVME2/synopsys/vcs/W-2024.09-SP1/etc/uvm/reg/uvm_reg_indirect.svh'.
Back to file '/mnt/NVME2/synopsys/vcs/W-2024.09-SP1/etc/uvm/reg/uvm_reg_model.svh'.
Parsing included file '/mnt/NVME2/synopsys/vcs/W-2024.09-SP1/etc/uvm/reg/uvm_reg_fifo.svh'.
Back to file '/mnt/NVME2/synopsys/vcs/W-2024.09-SP1/etc/uvm/reg/uvm_reg_model.svh'.
Parsing included file '/mnt/NVME2/synopsys/vcs/W-2024.09-SP1/etc/uvm/reg/uvm_reg_file.svh'.
Back to file '/mnt/NVME2/synopsys/vcs/W-2024.09-SP1/etc/uvm/reg/uvm_reg_model.svh'.
Parsing included file '/mnt/NVME2/synopsys/vcs/W-2024.09-SP1/etc/uvm/reg/uvm_mem_mam.svh'.
Back to file '/mnt/NVME2/synopsys/vcs/W-2024.09-SP1/etc/uvm/reg/uvm_reg_model.svh'.
Parsing included file '/mnt/NVME2/synopsys/vcs/W-2024.09-SP1/etc/uvm/reg/uvm_vreg.svh'.
Back to file '/mnt/NVME2/synopsys/vcs/W-2024.09-SP1/etc/uvm/reg/uvm_reg_model.svh'.
Parsing included file '/mnt/NVME2/synopsys/vcs/W-2024.09-SP1/etc/uvm/reg/uvm_mem.svh'.
Back to file '/mnt/NVME2/synopsys/vcs/W-2024.09-SP1/etc/uvm/reg/uvm_reg_model.svh'.
Parsing included file '/mnt/NVME2/synopsys/vcs/W-2024.09-SP1/etc/uvm/reg/uvm_reg_map.svh'.
Back to file '/mnt/NVME2/synopsys/vcs/W-2024.09-SP1/etc/uvm/reg/uvm_reg_model.svh'.
Parsing included file '/mnt/NVME2/synopsys/vcs/W-2024.09-SP1/etc/uvm/reg/uvm_reg_block.svh'.
Back to file '/mnt/NVME2/synopsys/vcs/W-2024.09-SP1/etc/uvm/reg/uvm_reg_model.svh'.
Parsing included file '/mnt/NVME2/synopsys/vcs/W-2024.09-SP1/etc/uvm/reg/sequences/uvm_reg_hw_reset_seq.svh'.
Back to file '/mnt/NVME2/synopsys/vcs/W-2024.09-SP1/etc/uvm/reg/uvm_reg_model.svh'.
Parsing included file '/mnt/NVME2/synopsys/vcs/W-2024.09-SP1/etc/uvm/reg/sequences/uvm_reg_bit_bash_seq.svh'.
Back to file '/mnt/NVME2/synopsys/vcs/W-2024.09-SP1/etc/uvm/reg/uvm_reg_model.svh'.
Parsing included file '/mnt/NVME2/synopsys/vcs/W-2024.09-SP1/etc/uvm/reg/sequences/uvm_mem_walk_seq.svh'.
Back to file '/mnt/NVME2/synopsys/vcs/W-2024.09-SP1/etc/uvm/reg/uvm_reg_model.svh'.
Parsing included file '/mnt/NVME2/synopsys/vcs/W-2024.09-SP1/etc/uvm/reg/sequences/uvm_mem_access_seq.svh'.
Back to file '/mnt/NVME2/synopsys/vcs/W-2024.09-SP1/etc/uvm/reg/uvm_reg_model.svh'.
Parsing included file '/mnt/NVME2/synopsys/vcs/W-2024.09-SP1/etc/uvm/reg/sequences/uvm_reg_access_seq.svh'.
Back to file '/mnt/NVME2/synopsys/vcs/W-2024.09-SP1/etc/uvm/reg/uvm_reg_model.svh'.
Parsing included file '/mnt/NVME2/synopsys/vcs/W-2024.09-SP1/etc/uvm/reg/sequences/uvm_reg_mem_shared_access_seq.svh'.
Back to file '/mnt/NVME2/synopsys/vcs/W-2024.09-SP1/etc/uvm/reg/uvm_reg_model.svh'.
Parsing included file '/mnt/NVME2/synopsys/vcs/W-2024.09-SP1/etc/uvm/reg/sequences/uvm_reg_mem_built_in_seq.svh'.
Back to file '/mnt/NVME2/synopsys/vcs/W-2024.09-SP1/etc/uvm/reg/uvm_reg_model.svh'.
Parsing included file '/mnt/NVME2/synopsys/vcs/W-2024.09-SP1/etc/uvm/reg/sequences/uvm_reg_mem_hdl_paths_seq.svh'.
Back to file '/mnt/NVME2/synopsys/vcs/W-2024.09-SP1/etc/uvm/reg/uvm_reg_model.svh'.
Parsing included file '/mnt/NVME2/synopsys/vcs/W-2024.09-SP1/etc/uvm/reg/snps_uvm_reg_bank.svh'.
Back to file '/mnt/NVME2/synopsys/vcs/W-2024.09-SP1/etc/uvm/reg/uvm_reg_model.svh'.
Back to file '/mnt/NVME2/synopsys/vcs/W-2024.09-SP1/etc/uvm/uvm_pkg.sv'.
Parsing included file '/mnt/NVME2/synopsys/vcs/W-2024.09-SP1/etc/uvm/vcs/vcs_uvm_alt.sv'.
Back to file '/mnt/NVME2/synopsys/vcs/W-2024.09-SP1/etc/uvm/uvm_pkg.sv'.
Parsing design file 'tb/gpio_transaction.sv'
Parsing included file '/mnt/NVME2/synopsys/vcs/W-2024.09-SP1/etc/uvm/uvm_macros.svh'.
Back to file 'tb/gpio_transaction.sv'.
Parsing design file 'tb/gpio_pkg.sv'
Parsing included file '/mnt/NVME2/synopsys/vcs/W-2024.09-SP1/etc/uvm/uvm_macros.svh'.
Back to file 'tb/gpio_pkg.sv'.
Parsing included file 'tb/gpio_agent.sv'.
Parsing included file '/mnt/NVME2/synopsys/vcs/W-2024.09-SP1/etc/uvm/uvm_macros.svh'.
Back to file 'tb/gpio_agent.sv'.

Note-[SV-LCM-PPWI] Package previously wildcard imported
tb/gpio_agent.sv, 6
gpio_pkg
  Package 'uvm_pkg' already wildcard imported. 
  Ignoring uvm_pkg::*
  See the SystemVerilog LRM(1800-2005), section 19.2.1.

Parsing included file 'tb/gpio_driver.sv'.
Parsing included file '/mnt/NVME2/synopsys/vcs/W-2024.09-SP1/etc/uvm/uvm_macros.svh'.
Back to file 'tb/gpio_driver.sv'.
Parsing included file 'tb/gpio_transaction.sv'.
Back to file 'tb/gpio_driver.sv'.

Note-[SV-LCM-PPWI] Package previously wildcard imported
tb/gpio_driver.sv, 5
gpio_pkg
  Package 'uvm_pkg' already wildcard imported. 
  Ignoring uvm_pkg::*
  See the SystemVerilog LRM(1800-2005), section 19.2.1.


Warning-[PII] Package importing itself
tb/gpio_driver.sv, 6
  Package importing itself has no effect. Package 'gpio_pkg' is importing 
  itself.
  Package is defined at "tb/gpio_pkg.sv", 3
  Ignoring this import statement and continuing.


Error-[RCUIPNA] Illegal references to $unit
tb/gpio_driver.sv, 7
$unit, "gpio_transaction"
  References to the compilation unit are not allowed in packages.
   Reference found in : $unit::gpio_transaction 


Error-[SE] Syntax error
  Following verilog source has syntax error :
  	Token 'gpio_transaction' not recognized as a type. Please check 
  whether it is misspelled, not visible/valid in the current context, or not 
  properly imported/exported. This is occurring in a context where a variable 
  declaration, a statement, or a sequence expression is expected. Either the 
  declaration type is not known or this is incorrect syntax.
  "tb/gpio_driver.sv", 23: token is ';'
      gpio_transaction tr;
                          ^

1 warning
2 errors
CPU time: .615 seconds to compile
